EN compteur NULL //narrhavas/fforest/tp_numerique/projet_elec_numerique_1/vhdl.vhd sub00/vhpl02 1260270747
AR sequenceur sequence //narrhavas/fforest/tp_numerique/projet_elec_numerique_1/vhdl.vhd sub00/vhpl05 1260270750
EN encodeur NULL //narrhavas/fforest/tp_numerique/projet_elec_numerique_1/vhdl.vhd sub00/vhpl00 1260270745
AR encodeur codage //narrhavas/fforest/tp_numerique/projet_elec_numerique_1/vhdl.vhd sub00/vhpl01 1260270746
AR compteur compte //narrhavas/fforest/tp_numerique/projet_elec_numerique_1/vhdl.vhd sub00/vhpl03 1260270748
AR telecommande structure //narrhavas/fforest/tp_numerique/projet_elec_numerique_1/telecommande.vhd sub00/vhpl07 1260270752
EN sequenceur NULL //narrhavas/fforest/tp_numerique/projet_elec_numerique_1/vhdl.vhd sub00/vhpl04 1260270749
EN telecommande NULL //narrhavas/fforest/tp_numerique/projet_elec_numerique_1/telecommande.vhd sub00/vhpl06 1260270751
