V3 13
FL //narrhavas/fforest/tp_numerique/projet_elec_numerique_1/vhdl.vhd 2009/12/08.10:44:08 I.34
EN work/encodeur 1260270745 \
      FL //narrhavas/fforest/tp_numerique/projet_elec_numerique_1/vhdl.vhd \
      PB ieee/std_logic_1164 1155947332 PH ieee/NUMERIC_STD 1155947343 \
      PB ieee/STD_LOGIC_UNSIGNED 1155947338
AR work/encodeur/codage 1260270746 \
      FL //narrhavas/fforest/tp_numerique/projet_elec_numerique_1/vhdl.vhd \
      EN work/encodeur 1260270745
EN work/compteur 1260270747 \
      FL //narrhavas/fforest/tp_numerique/projet_elec_numerique_1/vhdl.vhd \
      PB ieee/std_logic_1164 1155947332 PH ieee/NUMERIC_STD 1155947343 \
      PB ieee/STD_LOGIC_UNSIGNED 1155947338
AR work/compteur/compte 1260270748 \
      FL //narrhavas/fforest/tp_numerique/projet_elec_numerique_1/vhdl.vhd \
      EN work/compteur 1260270747
EN work/sequenceur 1260270749 \
      FL //narrhavas/fforest/tp_numerique/projet_elec_numerique_1/vhdl.vhd \
      PB ieee/std_logic_1164 1155947332 PH ieee/NUMERIC_STD 1155947343 \
      PB ieee/STD_LOGIC_UNSIGNED 1155947338
AR work/sequenceur/sequence 1260270750 \
      FL //narrhavas/fforest/tp_numerique/projet_elec_numerique_1/vhdl.vhd \
      EN work/sequenceur 1260270749
FL //narrhavas/fforest/tp_numerique/projet_elec_numerique_1/telecommande.vhd 2009/12/08.10:27:40 I.34
EN work/telecommande 1260270751 \
      FL //narrhavas/fforest/tp_numerique/projet_elec_numerique_1/telecommande.vhd \
      PB ieee/std_logic_1164 1155947332 PH ieee/NUMERIC_STD 1155947343 \
      PB ieee/STD_LOGIC_UNSIGNED 1155947338
AR work/telecommande/structure 1260270752 \
      FL //narrhavas/fforest/tp_numerique/projet_elec_numerique_1/telecommande.vhd \
      EN work/telecommande 1260270751 CP compteur CP encodeur CP sequenceur
